Drill report for EWS_RevG.kicad_pcb
Created on 2026-10-02T23:06:49

Copper Layer Stackup:
    =============================================================
    L1 :  F.Cu                      front
    L2 :  In1.Cu                    in1
    L3 :  In2.Cu                    in2
    L4 :  B.Cu                      back


Drill file 'EWS_RevG-PTH.drl' contains
    plated through holes:
    =============================================================
    T1  0.350mm  0.0138"  (59 holes))
    T2  1.000mm  0.0394"  (106 holes))
    T3  1.050mm  0.0413"  (10 holes))
    T4  1.500mm  0.0591"  (4 holes))

    Total plated holes count 179


Drill file 'EWS_RevG-NPTH.drl' contains
    unplated through holes:
    =============================================================
    T1  3.400mm  0.1339"  (4 holes))

    Total unplated holes count 4
